{
  "hosting": {
    "public": "dist",
    "rewrites": [],
    "ignore": [
      "firebase.json",
      "bower_components/**",
      "node_modules/**"
    ]
  }
}