{
  "firebase": "production-app",
  "public": "app",
  "ignore": [
    "firebase.json",
    "**/.*",
    "**/node_modules/**"
  ]
}